[    0.000000] Initializing cgroup subsys cpuset
[    0.000000] Initializing cgroup subsys cpu
[    0.000000] Linux version 3.2.0-4-amd64 (debian-kernel@lists.debian.org) (gcc version 4.6.3 (Debian 4.6.3-15) ) #1 SMP Debian 3.2.41-2
[    0.000000] Command line: BOOT_IMAGE=/boot/vmlinuz-3.2.0-4-amd64 root=UUID=41ce7ad9-a285-4bec-a078-166be0d56e37 ro quiet i915.i915_enable_rc6=1 i915.lvds_downclock=1 i915.i915_enable_fbc=1 pcie_aspm=force
[    0.000000] BIOS-provided physical RAM map:
[    0.000000]  BIOS-e820: 0000000000000000 - 0000000000096800 (usable)
[    0.000000]  BIOS-e820: 0000000000096800 - 00000000000a0000 (reserved)
[    0.000000]  BIOS-e820: 00000000000e0000 - 0000000000100000 (reserved)
[    0.000000]  BIOS-e820: 0000000000100000 - 00000000b7d90000 (usable)
[    0.000000]  BIOS-e820: 00000000b7d90000 - 00000000b7d9e000 (ACPI data)
[    0.000000]  BIOS-e820: 00000000b7d9e000 - 00000000b7de0000 (ACPI NVS)
[    0.000000]  BIOS-e820: 00000000b7de0000 - 00000000c0000000 (reserved)
[    0.000000]  BIOS-e820: 00000000fee00000 - 00000000fee01000 (reserved)
[    0.000000]  BIOS-e820: 00000000ffb00000 - 0000000100000000 (reserved)
[    0.000000]  BIOS-e820: 0000000100000000 - 00000001bc000000 (usable)
[    0.000000] NX (Execute Disable) protection: active
[    0.000000] SMBIOS 2.5 present.
[    0.000000] DMI: LENOVO YangTianT4900D/To be filled by O.E.M., BIOS 9FKT21AUS 12/15/2010
[    0.000000] e820 update range: 0000000000000000 - 0000000000010000 (usable) ==> (reserved)
[    0.000000] e820 remove range: 00000000000a0000 - 0000000000100000 (usable)
[    0.000000] No AGP bridge found
[    0.000000] last_pfn = 0x1bc000 max_arch_pfn = 0x400000000
[    0.000000] MTRR default type: uncachable
[    0.000000] MTRR fixed ranges enabled:
[    0.000000]   00000-9FFFF write-back
[    0.000000]   A0000-BFFFF uncachable
[    0.000000]   C0000-CFFFF write-protect
[    0.000000]   D0000-DFFFF uncachable
[    0.000000]   E0000-EFFFF write-through
[    0.000000]   F0000-FFFFF write-protect
[    0.000000] MTRR variable ranges enabled:
[    0.000000]   0 base 1BC000000 mask FFC000000 uncachable
[    0.000000]   1 base 1C0000000 mask FC0000000 uncachable
[    0.000000]   2 base 000000000 mask E00000000 write-back
[    0.000000]   3 base 0C0000000 mask FC0000000 uncachable
[    0.000000]   4 base 0B7E00000 mask FFFE00000 uncachable
[    0.000000]   5 base 0B8000000 mask FF8000000 uncachable
[    0.000000]   6 disabled
[    0.000000]   7 disabled
[    0.000000] x86 PAT enabled: cpu 0, old 0x7040600070406, new 0x7010600070106
[    0.000000] e820 update range: 00000000b7e00000 - 0000000100000000 (usable) ==> (reserved)
[    0.000000] last_pfn = 0xb7d90 max_arch_pfn = 0x400000000
[    0.000000] found SMP MP-table at [ffff8800000ff780] ff780
[    0.000000] initial memory mapped : 0 - 20000000
[    0.000000] Base memory trampoline at [ffff880000091000] 91000 size 20480
[    0.000000] init_memory_mapping: 0000000000000000-00000000b7d90000
[    0.000000]  0000000000 - 00b7c00000 page 2M
[    0.000000]  00b7c00000 - 00b7d90000 page 4k
[    0.000000] kernel direct mapping tables up to b7d90000 @ 1fffb000-20000000
[    0.000000] init_memory_mapping: 0000000100000000-00000001bc000000
[    0.000000]  0100000000 - 01bc000000 page 2M
[    0.000000] kernel direct mapping tables up to 1bc000000 @ b7d8c000-b7d90000
[    0.000000] RAMDISK: 36b54000 - 375a2000
[    0.000000] ACPI: RSDP 00000000000fa850 00024 (v02 LENOVO)
[    0.000000] ACPI: XSDT 00000000b7d90100 0006C (v01 LENOVO TC-9F    0000010D MSFT 00000097)
[    0.000000] ACPI: FACP 00000000b7d90290 000F4 (v04 LENOVO TC-9F    0000010D MSFT 00000097)
[    0.000000] ACPI: DSDT 00000000b7d905c0 05B4D (v02 LENOVO TC-9F    0000010D INTL 20051117)
[    0.000000] ACPI: FACS 00000000b7d9e000 00040
[    0.000000] ACPI: APIC 00000000b7d90390 0006C (v02 LENOVO TC-9F    0000010D MSFT 00000097)
[    0.000000] ACPI: MCFG 00000000b7d90400 0003C (v01 LENOVO TC-9F    0000010D MSFT 00000097)
[    0.000000] ACPI: SLIC 00000000b7d90440 00176 (v01 LENOVO TC-9F    0000010D MSFT 00000097)
[    0.000000] ACPI: OEMB 00000000b7d9e040 00072 (v01 LENOVO TC-9F    0000010D MSFT 00000097)
[    0.000000] ACPI: HPET 00000000b7d9a5c0 00038 (v01 LENOVO TC-9F    0000010D MSFT 00000097)
[    0.000000] ACPI: ASF! 00000000b7d9a600 00099 (v32 LENOVO TC-9F    00000114 INTL 20051117)
[    0.000000] ACPI: GSCI 00000000b7d9e0c0 02024 (v01 LENOVO TC-9F    0000010D MSFT 00000097)
[    0.000000] ACPI: SSDT 00000000b7da06f0 00A7C (v01 LENOVO TC-9F    0000010D INTL 20051117)
[    0.000000] ACPI: Local APIC address 0xfee00000
[    0.000000] No NUMA configuration found
[    0.000000] Faking a node at 0000000000000000-00000001bc000000
[    0.000000] Initmem setup node 0 0000000000000000-00000001bc000000
[    0.000000]   NODE_DATA [00000001bbffb000 - 00000001bbffffff]
[    0.000000]  [ffffea0000000000-ffffea00061fffff] PMD -> [ffff8801b5800000-ffff8801babfffff] on node 0
[    0.000000] Zone PFN ranges:
[    0.000000]   DMA      0x00000010 -> 0x00001000
[    0.000000]   DMA32    0x00001000 -> 0x00100000
[    0.000000]   Normal   0x00100000 -> 0x001bc000
[    0.000000] Movable zone start PFN for each node
[    0.000000] early_node_map[3] active PFN ranges
[    0.000000]     0: 0x00000010 -> 0x00000096
[    0.000000]     0: 0x00000100 -> 0x000b7d90
[    0.000000]     0: 0x00100000 -> 0x001bc000
[    0.000000] On node 0 totalpages: 1522966
[    0.000000]   DMA zone: 56 pages used for memmap
[    0.000000]   DMA zone: 5 pages reserved
[    0.000000]   DMA zone: 3913 pages, LIFO batch:0
[    0.000000]   DMA32 zone: 14280 pages used for memmap
[    0.000000]   DMA32 zone: 734664 pages, LIFO batch:31
[    0.000000]   Normal zone: 10528 pages used for memmap
[    0.000000]   Normal zone: 759520 pages, LIFO batch:31
[    0.000000] ACPI: PM-Timer IO Port: 0x808
[    0.000000] ACPI: Local APIC address 0xfee00000
[    0.000000] ACPI: LAPIC (acpi_id[0x01] lapic_id[0x00] enabled)
[    0.000000] ACPI: LAPIC (acpi_id[0x02] lapic_id[0x01] enabled)
[    0.000000] ACPI: LAPIC (acpi_id[0x03] lapic_id[0x82] disabled)
[    0.000000] ACPI: LAPIC (acpi_id[0x04] lapic_id[0x83] disabled)
[    0.000000] ACPI: IOAPIC (id[0x02] address[0xfec00000] gsi_base[0])
[    0.000000] IOAPIC[0]: apic_id 2, version 32, address 0xfec00000, GSI 0-23
[    0.000000] ACPI: INT_SRC_OVR (bus 0 bus_irq 0 global_irq 2 dfl dfl)
[    0.000000] ACPI: INT_SRC_OVR (bus 0 bus_irq 9 global_irq 9 high level)
[    0.000000] ACPI: IRQ0 used by override.
[    0.000000] ACPI: IRQ2 used by override.
[    0.000000] ACPI: IRQ9 used by override.
[    0.000000] Using ACPI (MADT) for SMP configuration information
[    0.000000] ACPI: HPET id: 0xffffffff base: 0xfed00000
[    0.000000] SMP: Allowing 4 CPUs, 2 hotplug CPUs
[    0.000000] nr_irqs_gsi: 40
[    0.000000] PM: Registered nosave memory: 0000000000096000 - 0000000000097000
[    0.000000] PM: Registered nosave memory: 0000000000097000 - 00000000000a0000
[    0.000000] PM: Registered nosave memory: 00000000000a0000 - 00000000000e0000
[    0.000000] PM: Registered nosave memory: 00000000000e0000 - 0000000000100000
[    0.000000] PM: Registered nosave memory: 00000000b7d90000 - 00000000b7d9e000
[    0.000000] PM: Registered nosave memory: 00000000b7d9e000 - 00000000b7de0000
[    0.000000] PM: Registered nosave memory: 00000000b7de0000 - 00000000c0000000
[    0.000000] PM: Registered nosave memory: 00000000c0000000 - 00000000fee00000
[    0.000000] PM: Registered nosave memory: 00000000fee00000 - 00000000fee01000
[    0.000000] PM: Registered nosave memory: 00000000fee01000 - 00000000ffb00000
[    0.000000] PM: Registered nosave memory: 00000000ffb00000 - 0000000100000000
[    0.000000] Allocating PCI resources starting at c0000000 (gap: c0000000:3ee00000)
[    0.000000] Booting paravirtualized kernel on bare hardware
[    0.000000] setup_percpu: NR_CPUS:512 nr_cpumask_bits:512 nr_cpu_ids:4 nr_node_ids:1
[    0.000000] PERCPU: Embedded 28 pages/cpu @ffff8801bbc00000 s82944 r8192 d23552 u524288
[    0.000000] pcpu-alloc: s82944 r8192 d23552 u524288 alloc=1*2097152
[    0.000000] pcpu-alloc: [0] 0 1 2 3 
[    0.000000] Built 1 zonelists in Zone order, mobility grouping on.  Total pages: 1498097
[    0.000000] Policy zone: Normal
[    0.000000] Kernel command line: BOOT_IMAGE=/boot/vmlinuz-3.2.0-4-amd64 root=UUID=41ce7ad9-a285-4bec-a078-166be0d56e37 ro quiet i915.i915_enable_rc6=1 i915.lvds_downclock=1 i915.i915_enable_fbc=1 pcie_aspm=force
[    0.000000] PCIe ASPM is forcibly enabled
[    0.000000] PID hash table entries: 4096 (order: 3, 32768 bytes)
[    0.000000] xsave/xrstor: enabled xstate_bv 0x3, cntxt size 0x240
[    0.000000] Checking aperture...
[    0.000000] No AGP bridge found
[    0.000000] Calgary: detecting Calgary via BIOS EBDA area
[    0.000000] Calgary: Unable to locate Rio Grande table in EBDA - bailing!
[    0.000000] Memory: 5920260k/7274496k available (3420k kernel code, 1182632k absent, 171604k reserved, 3318k data, 576k init)
[    0.000000] Hierarchical RCU implementation.
[    0.000000] 	RCU dyntick-idle grace-period acceleration is enabled.
[    0.000000] NR_IRQS:33024 nr_irqs:712 16
[    0.000000] Extended CMOS year: 2000
[    0.000000] Console: colour VGA+ 80x25
[    0.000000] console [tty0] enabled
[    0.000000] hpet clockevent registered
[    0.000000] Fast TSC calibration using PIT
[    0.000000] Detected 3192.023 MHz processor.
[    0.004003] Calibrating delay loop (skipped), value calculated using timer frequency.. 6384.04 BogoMIPS (lpj=12768092)
[    0.004007] pid_max: default: 32768 minimum: 301
[    0.004041] Security Framework initialized
[    0.004048] AppArmor: AppArmor disabled by boot time parameter
[    0.004530] Dentry cache hash table entries: 1048576 (order: 11, 8388608 bytes)
[    0.011567] Inode-cache hash table entries: 524288 (order: 10, 4194304 bytes)
[    0.014085] Mount-cache hash table entries: 256
[    0.014222] Initializing cgroup subsys cpuacct
[    0.014227] Initializing cgroup subsys memory
[    0.014240] Initializing cgroup subsys devices
[    0.014243] Initializing cgroup subsys freezer
[    0.014244] Initializing cgroup subsys net_cls
[    0.014246] Initializing cgroup subsys blkio
[    0.014253] Initializing cgroup subsys perf_event
[    0.014283] CPU: Physical Processor ID: 0
[    0.014284] CPU: Processor Core ID: 0
[    0.014287] mce: CPU supports 6 MCE banks
[    0.014295] CPU0: Thermal monitoring enabled (TM2)
[    0.014299] using mwait in idle threads.
[    0.014661] ACPI: Core revision 20110623
[    0.024256] ..TIMER: vector=0x30 apic1=0 pin1=2 apic2=-1 pin2=-1
[    0.063937] CPU0: Intel Pentium(R) Dual-Core  CPU      E5800  @ 3.20GHz stepping 0a
[    0.064003] Performance Events: PEBS fmt0+, Core2 events, Intel PMU driver.
[    0.064003] ... version:                2
[    0.064003] ... bit width:              40
[    0.064003] ... generic registers:      2
[    0.064003] ... value mask:             000000ffffffffff
[    0.064003] ... max period:             000000007fffffff
[    0.064003] ... fixed-purpose events:   3
[    0.064003] ... event mask:             0000000700000003
[    0.064003] NMI watchdog enabled, takes one hw-pmu counter.
[    0.064003] Booting Node   0, Processors  #1
[    0.064003] smpboot cpu 1: start_ip = 91000
[    0.152039] NMI watchdog enabled, takes one hw-pmu counter.
[    0.152074] Brought up 2 CPUs
[    0.152076] Total of 2 processors activated (12767.95 BogoMIPS).
[    0.153191] devtmpfs: initialized
[    0.154334] PM: Registering ACPI NVS region at b7d9e000 (270336 bytes)
[    0.154334] print_constraints: dummy: 
[    0.154334] NET: Registered protocol family 16
[    0.154334] ACPI FADT declares the system doesn't support PCIe ASPM, so disable it
[    0.154334] ACPI: bus type pci registered
[    0.154334] PCI: MMCONFIG for domain 0000 [bus 00-ff] at [mem 0xe0000000-0xefffffff] (base 0xe0000000)
[    0.156020] PCI: not using MMCONFIG
[    0.156021] PCI: Using configuration type 1 for base access
[    0.156514] bio: create slab <bio-0> at 0
[    0.156514] ACPI: Added _OSI(Module Device)
[    0.156514] ACPI: Added _OSI(Processor Device)
[    0.156514] ACPI: Added _OSI(3.0 _SCP Extensions)
[    0.156514] ACPI: Added _OSI(Processor Aggregator Device)
[    0.156762] ACPI: EC: Look up EC in DSDT
[    0.157694] ACPI: Executed 1 blocks of module-level executable AML code
[    0.160367] ACPI Warning: Incorrect checksum in table [SSDT] - 0x29, should be 0x05 (20110623/tbutils-314)
[    0.160371] ACPI: SSDT 00000000b7da00f0 002FB (v01 LENOVO TC-9F    00000114 INTL 20051117)
[    0.160547] ACPI: Dynamic OEM Table Load:
[    0.160549] ACPI: SSDT           (null) 002FB (v01 LENOVO TC-9F    00000114 INTL 20051117)
[    0.160765] ACPI Warning: Incorrect checksum in table [SSDT] - 0x22, should be 0x00 (20110623/tbutils-314)
[    0.160769] ACPI: SSDT 00000000b7da03f0 002FB (v01 LENOVO TC-9F    00000114 INTL 20051117)
[    0.160947] ACPI: Dynamic OEM Table Load:
[    0.160949] ACPI: SSDT           (null) 002FB (v01 LENOVO TC-9F    00000114 INTL 20051117)
[    0.161229] ACPI: Interpreter enabled
[    0.161233] ACPI: (supports S0 S3 S4 S5)
[    0.161248] ACPI: Using IOAPIC for interrupt routing
[    0.161264] PCI: MMCONFIG for domain 0000 [bus 00-ff] at [mem 0xe0000000-0xefffffff] (base 0xe0000000)
[    0.162333] PCI: MMCONFIG at [mem 0xe0000000-0xefffffff] reserved in ACPI motherboard resources
[    0.204300] ACPI: No dock devices found.
[    0.204301] HEST: Table not found.
[    0.204304] PCI: Using host bridge windows from ACPI; if necessary, use "pci=nocrs" and report a bug
[    0.204451] ACPI: PCI Root Bridge [PCI0] (domain 0000 [bus 00-ff])
[    0.204589] pci_root PNP0A08:00: host bridge window [io  0x0000-0x0cf7]
[    0.204591] pci_root PNP0A08:00: host bridge window [io  0x0d00-0xffff]
[    0.204593] pci_root PNP0A08:00: host bridge window [mem 0x000a0000-0x000bffff]
[    0.204594] pci_root PNP0A08:00: host bridge window [mem 0x000d0000-0x000dffff]
[    0.204596] pci_root PNP0A08:00: host bridge window [mem 0xb7e00000-0xdfffffff]
[    0.204598] pci_root PNP0A08:00: host bridge window [mem 0xf0000000-0xfed8ffff]
[    0.204610] pci 0000:00:00.0: [8086:2e90] type 0 class 0x000600
[    0.204628] DMAR: Forcing write-buffer flush capability
[    0.204629] DMAR: Disabling IOMMU for graphics on this chipset
[    0.204650] pci 0000:00:02.0: [8086:2e92] type 0 class 0x000300
[    0.204660] pci 0000:00:02.0: reg 10: [mem 0xfe800000-0xfebfffff 64bit]
[    0.204666] pci 0000:00:02.0: reg 18: [mem 0xd0000000-0xdfffffff 64bit pref]
[    0.204670] pci 0000:00:02.0: reg 20: [io  0xec00-0xec07]
[    0.204708] pci 0000:00:03.0: [8086:2e94] type 0 class 0x000780
[    0.204730] pci 0000:00:03.0: reg 10: [mem 0xfe7fbc00-0xfe7fbc0f 64bit]
[    0.204809] pci 0000:00:03.0: PME# supported from D0 D3hot D3cold
[    0.204828] pci 0000:00:03.2: [8086:2e96] type 0 class 0x000101
[    0.204839] pci 0000:00:03.2: reg 10: [io  0xe880-0xe887]
[    0.204846] pci 0000:00:03.2: reg 14: [io  0xe800-0xe803]
[    0.204851] pci 0000:00:03.2: reg 18: [io  0xe480-0xe487]
[    0.204856] pci 0000:00:03.2: reg 1c: [io  0xe400-0xe403]
[    0.204862] pci 0000:00:03.2: reg 20: [io  0xe080-0xe08f]
[    0.204905] pci 0000:00:03.3: [8086:2e97] type 0 class 0x000700
[    0.204915] pci 0000:00:03.3: reg 10: [io  0xe000-0xe007]
[    0.204921] pci 0000:00:03.3: reg 14: [mem 0xfe7f8000-0xfe7f8fff]
[    0.204994] pci 0000:00:19.0: [8086:10df] type 0 class 0x000200
[    0.205010] pci 0000:00:19.0: reg 10: [mem 0xfe7c0000-0xfe7dffff]
[    0.205017] pci 0000:00:19.0: reg 14: [mem 0xfe7f6000-0xfe7f6fff]
[    0.205024] pci 0000:00:19.0: reg 18: [io  0xdc00-0xdc1f]
[    0.205077] pci 0000:00:19.0: PME# supported from D0 D3hot D3cold
[    0.205096] pci 0000:00:1a.0: [8086:3a67] type 0 class 0x000c03
[    0.205132] pci 0000:00:1a.0: reg 20: [io  0xd880-0xd89f]
[    0.205178] pci 0000:00:1a.1: [8086:3a68] type 0 class 0x000c03
[    0.205215] pci 0000:00:1a.1: reg 20: [io  0xd800-0xd81f]
[    0.205260] pci 0000:00:1a.2: [8086:3a69] type 0 class 0x000c03
[    0.205296] pci 0000:00:1a.2: reg 20: [io  0xd480-0xd49f]
[    0.205349] pci 0000:00:1a.7: [8086:3a6c] type 0 class 0x000c03
[    0.205367] pci 0000:00:1a.7: reg 10: [mem 0xfe7f4000-0xfe7f43ff]
[    0.205445] pci 0000:00:1a.7: PME# supported from D0 D3hot D3cold
[    0.205469] pci 0000:00:1b.0: [8086:3a6e] type 0 class 0x000403
[    0.205481] pci 0000:00:1b.0: reg 10: [mem 0xfe7ec000-0xfe7effff 64bit]
[    0.205539] pci 0000:00:1b.0: PME# supported from D0 D3hot D3cold
[    0.205560] pci 0000:00:1d.0: [8086:3a64] type 0 class 0x000c03
[    0.205597] pci 0000:00:1d.0: reg 20: [io  0xd400-0xd41f]
[    0.205642] pci 0000:00:1d.1: [8086:3a65] type 0 class 0x000c03
[    0.205679] pci 0000:00:1d.1: reg 20: [io  0xd080-0xd09f]
[    0.205724] pci 0000:00:1d.2: [8086:3a66] type 0 class 0x000c03
[    0.205760] pci 0000:00:1d.2: reg 20: [io  0xd000-0xd01f]
[    0.205813] pci 0000:00:1d.7: [8086:3a6a] type 0 class 0x000c03
[    0.205831] pci 0000:00:1d.7: reg 10: [mem 0xfe7ea000-0xfe7ea3ff]
[    0.205910] pci 0000:00:1d.7: PME# supported from D0 D3hot D3cold
[    0.205929] pci 0000:00:1e.0: [8086:244e] type 1 class 0x000604
[    0.205984] pci 0000:00:1f.0: [8086:3a1a] type 0 class 0x000601
[    0.206089] pci 0000:00:1f.2: [8086:3a02] type 0 class 0x000106
[    0.206105] pci 0000:00:1f.2: reg 10: [io  0xcc00-0xcc07]
[    0.206112] pci 0000:00:1f.2: reg 14: [io  0xc880-0xc883]
[    0.206118] pci 0000:00:1f.2: reg 18: [io  0xc800-0xc807]
[    0.206125] pci 0000:00:1f.2: reg 1c: [io  0xc480-0xc483]
[    0.206131] pci 0000:00:1f.2: reg 20: [io  0xc400-0xc41f]
[    0.206138] pci 0000:00:1f.2: reg 24: [mem 0xfe7e8000-0xfe7e87ff]
[    0.206177] pci 0000:00:1f.2: PME# supported from D3hot
[    0.206193] pci 0000:00:1f.3: [8086:3a60] type 0 class 0x000c05
[    0.206206] pci 0000:00:1f.3: reg 10: [mem 0xfe7fb800-0xfe7fb8ff 64bit]
[    0.206224] pci 0000:00:1f.3: reg 20: [io  0x0400-0x041f]
[    0.206296] pci 0000:00:1e.0: PCI bridge to [bus 01-01] (subtractive decode)
[    0.206304] pci 0000:00:1e.0:   bridge window [io  0x0000-0x0cf7] (subtractive decode)
[    0.206306] pci 0000:00:1e.0:   bridge window [io  0x0d00-0xffff] (subtractive decode)
[    0.206308] pci 0000:00:1e.0:   bridge window [mem 0x000a0000-0x000bffff] (subtractive decode)
[    0.206310] pci 0000:00:1e.0:   bridge window [mem 0x000d0000-0x000dffff] (subtractive decode)
[    0.206312] pci 0000:00:1e.0:   bridge window [mem 0xb7e00000-0xdfffffff] (subtractive decode)
[    0.206314] pci 0000:00:1e.0:   bridge window [mem 0xf0000000-0xfed8ffff] (subtractive decode)
[    0.206322] ACPI: PCI Interrupt Routing Table [\_SB_.PCI0._PRT]
[    0.206439] ACPI: PCI Interrupt Routing Table [\_SB_.PCI0.P0P1._PRT]
[    0.206604]  pci0000:00: Requesting ACPI _OSC control (0x1d)
[    0.206755]  pci0000:00: ACPI _OSC control (0x1d) granted
[    0.214172] ACPI: PCI Interrupt Link [LNKA] (IRQs 3 4 6 7 *10 11 12 14 15)
[    0.214210] ACPI: PCI Interrupt Link [LNKB] (IRQs *5)
[    0.214244] ACPI: PCI Interrupt Link [LNKC] (IRQs 3 4 6 7 10 *11 12 14 15)
[    0.214280] ACPI: PCI Interrupt Link [LNKD] (IRQs 3 4 6 7 *10 11 12 14 15)
[    0.214316] ACPI: PCI Interrupt Link [LNKE] (IRQs 3 4 6 7 10 11 12 14 *15)
[    0.214352] ACPI: PCI Interrupt Link [LNKF] (IRQs 3 4 6 7 10 11 12 *14 15)
[    0.214387] ACPI: PCI Interrupt Link [LNKG] (IRQs 3 4 6 7 10 *11 12 14 15)
[    0.214423] ACPI: PCI Interrupt Link [LNKH] (IRQs 3 4 6 7 10 11 12 14 *15)
[    0.214506] vgaarb: device added: PCI:0000:00:02.0,decodes=io+mem,owns=io+mem,locks=none
[    0.214506] vgaarb: loaded
[    0.214506] vgaarb: bridge control possible 0000:00:02.0
[    0.214506] PCI: Using ACPI for IRQ routing
[    0.220025] PCI: pci_cache_line_size set to 64 bytes
[    0.220082] Expanded resource reserved due to conflict with PCI Bus 0000:00
[    0.220084] reserve RAM buffer: 0000000000096800 - 000000000009ffff 
[    0.220086] reserve RAM buffer: 00000000b7d90000 - 00000000b7ffffff 
[    0.220202] HPET: 8 timers in total, 4 timers will be used for per-cpu timer
[    0.220209] hpet0: at MMIO 0xfed00000, IRQs 2, 8, 40, 41, 42, 43, 0, 0
[    0.220213] hpet0: 8 comparators, 64-bit 14.318180 MHz counter
[    0.224046] hpet: hpet2 irq 40 for MSI
[    0.224086] hpet: hpet3 irq 41 for MSI
[    0.224086] Switching to clocksource hpet
[    0.225651] pnp: PnP ACPI init
[    0.225665] ACPI: bus type pnp registered
[    0.225758] pnp 00:00: [bus 00-ff]
[    0.225760] pnp 00:00: [io  0x0cf8-0x0cff]
[    0.225762] pnp 00:00: [io  0x0000-0x0cf7 window]
[    0.225763] pnp 00:00: [io  0x0d00-0xffff window]
[    0.225765] pnp 00:00: [mem 0x000a0000-0x000bffff window]
[    0.225767] pnp 00:00: [mem 0x000d0000-0x000dffff window]
[    0.225769] pnp 00:00: [mem 0xb7e00000-0xdfffffff window]
[    0.225771] pnp 00:00: [mem 0xf0000000-0xfed8ffff window]
[    0.225821] pnp 00:00: Plug and Play ACPI device, IDs PNP0a08 PNP0a03 (active)
[    0.225829] pnp 00:01: [mem 0xfed14000-0xfed19fff]
[    0.225831] pnp 00:01: [mem 0xfed90000-0xfed93fff]
[    0.225871] system 00:01: [mem 0xfed14000-0xfed19fff] has been reserved
[    0.225873] system 00:01: [mem 0xfed90000-0xfed93fff] has been reserved
[    0.225876] system 00:01: Plug and Play ACPI device, IDs PNP0c01 (active)
[    0.225904] pnp 00:02: [dma 4]
[    0.225906] pnp 00:02: [io  0x0000-0x000f]
[    0.225909] pnp 00:02: [io  0x0081-0x0083]
[    0.225910] pnp 00:02: [io  0x0087]
[    0.225912] pnp 00:02: [io  0x0089-0x008b]
[    0.225913] pnp 00:02: [io  0x008f]
[    0.225914] pnp 00:02: [io  0x00c0-0x00df]
[    0.225935] pnp 00:02: Plug and Play ACPI device, IDs PNP0200 (active)
[    0.225944] pnp 00:03: [io  0x0070-0x0071]
[    0.225952] pnp 00:03: [irq 8]
[    0.225973] pnp 00:03: Plug and Play ACPI device, IDs PNP0b00 (active)
[    0.225981] pnp 00:04: [io  0x0061]
[    0.226001] pnp 00:04: Plug and Play ACPI device, IDs PNP0800 (active)
[    0.226008] pnp 00:05: [io  0x00f0-0x00ff]
[    0.226012] pnp 00:05: [irq 13]
[    0.226032] pnp 00:05: Plug and Play ACPI device, IDs PNP0c04 (active)
[    0.226235] pnp 00:06: [io  0x03f8-0x03ff]
[    0.226240] pnp 00:06: [irq 4]
[    0.226242] pnp 00:06: [dma 0 disabled]
[    0.226293] pnp 00:06: Plug and Play ACPI device, IDs PNP0501 (active)
[    0.226749] pnp 00:07: [io  0x0378-0x037f]
[    0.226751] pnp 00:07: [io  0x0778-0x077f]
[    0.226757] pnp 00:07: [irq 7]
[    0.226758] pnp 00:07: [dma 3]
[    0.226872] pnp 00:07: Plug and Play ACPI device, IDs PNP0401 (active)
[    0.226943] pnp 00:08: [io  0x0000-0xffffffffffffffff disabled]
[    0.226945] pnp 00:08: [io  0x0a00-0x0a7f]
[    0.226978] system 00:08: [io  0x0a00-0x0a7f] has been reserved
[    0.226981] system 00:08: Plug and Play ACPI device, IDs PNP0c02 (active)
[    0.227067] pnp 00:09: [io  0x0010-0x001f]
[    0.227069] pnp 00:09: [io  0x0022-0x003f]
[    0.227070] pnp 00:09: [io  0x0044-0x005f]
[    0.227071] pnp 00:09: [io  0x0062-0x0063]
[    0.227073] pnp 00:09: [io  0x0065-0x006f]
[    0.227074] pnp 00:09: [io  0x0072-0x007f]
[    0.227076] pnp 00:09: [io  0x0080]
[    0.227077] pnp 00:09: [io  0x0084-0x0086]
[    0.227078] pnp 00:09: [io  0x0088]
[    0.227080] pnp 00:09: [io  0x008c-0x008e]
[    0.227081] pnp 00:09: [io  0x0090-0x009f]
[    0.227083] pnp 00:09: [io  0x00a2-0x00bf]
[    0.227085] pnp 00:09: [io  0x00e0-0x00ef]
[    0.227086] pnp 00:09: [io  0x04d0-0x04d1]
[    0.227088] pnp 00:09: [io  0x0800-0x087f]
[    0.227089] pnp 00:09: [io  0x0000-0xffffffffffffffff disabled]
[    0.227091] pnp 00:09: [io  0x0500-0x057f]
[    0.227092] pnp 00:09: [mem 0xfed1c000-0xfed1ffff]
[    0.227094] pnp 00:09: [mem 0xfed20000-0xfed3ffff]
[    0.227096] pnp 00:09: [mem 0xfed40000-0xfed8ffff]
[    0.227140] system 00:09: [io  0x04d0-0x04d1] has been reserved
[    0.227142] system 00:09: [io  0x0800-0x087f] has been reserved
[    0.227145] system 00:09: [io  0x0500-0x057f] has been reserved
[    0.227147] system 00:09: [mem 0xfed1c000-0xfed1ffff] has been reserved
[    0.227149] system 00:09: [mem 0xfed20000-0xfed3ffff] has been reserved
[    0.227151] system 00:09: [mem 0xfed40000-0xfed8ffff] has been reserved
[    0.227154] system 00:09: Plug and Play ACPI device, IDs PNP0c02 (active)
[    0.227197] pnp 00:0a: [mem 0xfed00000-0xfed003ff]
[    0.227221] pnp 00:0a: Plug and Play ACPI device, IDs PNP0103 (active)
[    0.227260] pnp 00:0b: [mem 0xffb00000-0xffbfffff]
[    0.227262] pnp 00:0b: [mem 0xfff00000-0xffffffff]
[    0.227285] pnp 00:0b: Plug and Play ACPI device, IDs INT0800 (active)
[    0.227317] pnp 00:0c: [mem 0xffc00000-0xffefffff]
[    0.227349] system 00:0c: [mem 0xffc00000-0xffefffff] has been reserved
[    0.227352] system 00:0c: Plug and Play ACPI device, IDs PNP0c02 (active)
[    0.227414] pnp 00:0d: [io  0x0060]
[    0.227415] pnp 00:0d: [io  0x0064]
[    0.227417] pnp 00:0d: [mem 0xfec00000-0xfec00fff]
[    0.227418] pnp 00:0d: [mem 0xfee00000-0xfee00fff]
[    0.227453] system 00:0d: [mem 0xfec00000-0xfec00fff] could not be reserved
[    0.227456] system 00:0d: [mem 0xfee00000-0xfee00fff] has been reserved
[    0.227458] system 00:0d: Plug and Play ACPI device, IDs PNP0c02 (active)
[    0.227484] pnp 00:0e: [mem 0xe0000000-0xefffffff]
[    0.227517] system 00:0e: [mem 0xe0000000-0xefffffff] has been reserved
[    0.227520] system 00:0e: Plug and Play ACPI device, IDs PNP0c02 (active)
[    0.227647] pnp 00:0f: [mem 0x00000000-0x0009ffff]
[    0.227649] pnp 00:0f: [mem 0x000c0000-0x000cffff]
[    0.227650] pnp 00:0f: [mem 0x000e0000-0x000fffff]
[    0.227652] pnp 00:0f: [mem 0x00100000-0xb7dfffff]
[    0.227654] pnp 00:0f: [mem 0xfed90000-0xffffffff]
[    0.227695] system 00:0f: [mem 0x00000000-0x0009ffff] could not be reserved
[    0.227698] system 00:0f: [mem 0x000c0000-0x000cffff] could not be reserved
[    0.227700] system 00:0f: [mem 0x000e0000-0x000fffff] could not be reserved
[    0.227702] system 00:0f: [mem 0x00100000-0xb7dfffff] could not be reserved
[    0.227704] system 00:0f: [mem 0xfed90000-0xffffffff] could not be reserved
[    0.227707] system 00:0f: Plug and Play ACPI device, IDs PNP0c01 (active)
[    0.228060] pnp: PnP ACPI: found 16 devices
[    0.228064] ACPI: ACPI bus type pnp unregistered
[    0.234833] PCI: max bus depth: 1 pci_try_num: 2
[    0.234846] pci 0000:00:1e.0: PCI bridge to [bus 01-01]
[    0.234860] pci 0000:00:1e.0: setting latency timer to 64
[    0.234863] pci_bus 0000:00: resource 4 [io  0x0000-0x0cf7]
[    0.234865] pci_bus 0000:00: resource 5 [io  0x0d00-0xffff]
[    0.234867] pci_bus 0000:00: resource 6 [mem 0x000a0000-0x000bffff]
[    0.234869] pci_bus 0000:00: resource 7 [mem 0x000d0000-0x000dffff]
[    0.234870] pci_bus 0000:00: resource 8 [mem 0xb7e00000-0xdfffffff]
[    0.234872] pci_bus 0000:00: resource 9 [mem 0xf0000000-0xfed8ffff]
[    0.234874] pci_bus 0000:01: resource 4 [io  0x0000-0x0cf7]
[    0.234876] pci_bus 0000:01: resource 5 [io  0x0d00-0xffff]
[    0.234877] pci_bus 0000:01: resource 6 [mem 0x000a0000-0x000bffff]
[    0.234879] pci_bus 0000:01: resource 7 [mem 0x000d0000-0x000dffff]
[    0.234881] pci_bus 0000:01: resource 8 [mem 0xb7e00000-0xdfffffff]
[    0.234882] pci_bus 0000:01: resource 9 [mem 0xf0000000-0xfed8ffff]
[    0.234932] NET: Registered protocol family 2
[    0.235118] IP route cache hash table entries: 262144 (order: 9, 2097152 bytes)
[    0.236576] TCP established hash table entries: 524288 (order: 11, 8388608 bytes)
[    0.242277] TCP bind hash table entries: 65536 (order: 8, 1048576 bytes)
[    0.242892] TCP: Hash tables configured (established 524288 bind 65536)
[    0.242894] TCP reno registered
[    0.242907] UDP hash table entries: 4096 (order: 5, 131072 bytes)
[    0.242994] UDP-Lite hash table entries: 4096 (order: 5, 131072 bytes)
[    0.243203] NET: Registered protocol family 1
[    0.243223] pci 0000:00:02.0: Boot video device
[    0.243433] PCI: CLS 32 bytes, default 64
[    0.243488] Unpacking initramfs...
[    0.418633] Freeing initrd memory: 10552k freed
[    0.423206] PCI-DMA: Using software bounce buffering for IO (SWIOTLB)
[    0.423211] Placing 64MB software IO TLB between ffff8800b3d8c000 - ffff8800b7d8c000
[    0.423213] software IO TLB at phys 0xb3d8c000 - 0xb7d8c000
[    0.423720] audit: initializing netlink socket (disabled)
[    0.423738] type=2000 audit(1367993985.420:1): initialized
[    0.437196] HugeTLB registered 2 MB page size, pre-allocated 0 pages
[    0.438091] VFS: Disk quotas dquot_6.5.2
[    0.438115] Dquot-cache hash table entries: 512 (order 0, 4096 bytes)
[    0.438179] msgmni has been set to 11583
[    0.438315] alg: No test for stdrng (krng)
[    0.438339] Block layer SCSI generic (bsg) driver version 0.4 loaded (major 253)
[    0.438343] io scheduler noop registered
[    0.438344] io scheduler deadline registered
[    0.438354] io scheduler cfq registered (default)
[    0.438435] pci_hotplug: PCI Hot Plug PCI Core version: 0.5
[    0.438451] pciehp: PCI Express Hot Plug Controller Driver version: 0.4
[    0.438452] acpiphp: ACPI Hot Plug PCI Controller Driver version: 0.5
[    0.438689] intel_idle: does not run on family 6 model 23
[    0.438711] ERST: Table is not found!
[    0.438713] GHES: HEST is not enabled!
[    0.438763] Serial: 8250/16550 driver, 4 ports, IRQ sharing enabled
[    0.459124] serial8250: ttyS0 at I/O 0x3f8 (irq = 4) is a 16550A
[    0.520628] 00:06: ttyS0 at I/O 0x3f8 (irq = 4) is a 16550A
[    0.540882] 0000:00:03.3: ttyS1 at I/O 0xe000 (irq = 17) is a 16550A
[    0.541072] Linux agpgart interface v0.103
[    0.541140] agpgart-intel 0000:00:00.0: Intel B43 Chipset
[    0.541202] agpgart-intel 0000:00:00.0: detected gtt size: 2097152K total, 262144K mappable
[    0.541758] agpgart-intel 0000:00:00.0: detected 131072K stolen memory
[    0.541884] agpgart-intel 0000:00:00.0: AGP aperture is 256M @ 0xd0000000
[    0.541995] i8042: PNP: No PS/2 controller found. Probing ports directly.
[    0.544811] serio: i8042 KBD port at 0x60,0x64 irq 1
[    0.544818] serio: i8042 AUX port at 0x60,0x64 irq 12
[    0.544937] mousedev: PS/2 mouse device common for all mice
[    0.544975] rtc_cmos 00:03: RTC can wake from S4
[    0.545067] rtc_cmos 00:03: rtc core: registered rtc_cmos as rtc0
[    0.545089] rtc0: alarms up to one month, y3k, 114 bytes nvram, hpet irqs
[    0.545099] cpuidle: using governor ladder
[    0.545100] cpuidle: using governor menu
[    0.545250] TCP cubic registered
[    0.545281] NET: Registered protocol family 10
[    0.545626] Mobile IPv6
[    0.545628] NET: Registered protocol family 17
[    0.545631] Registering the dns_resolver key type
[    0.545746] PM: Hibernation image not present or could not be loaded.
[    0.545755] registered taskstats version 1
[    0.546365] rtc_cmos 00:03: setting system clock to 2013-05-08 06:19:46 UTC (1367993986)
[    0.546393] Initializing network drop monitor service
[    0.547353] Freeing unused kernel memory: 576k freed
[    0.547493] Write protecting the kernel read-only data: 6144k
[    0.549369] Freeing unused kernel memory: 660k freed
[    0.551399] Freeing unused kernel memory: 680k freed
[    0.559485] udevd[49]: starting version 175
[    0.577889] usbcore: registered new interface driver usbfs
[    0.577921] usbcore: registered new interface driver hub
[    0.591973] [drm] Initialized drm 1.1.0 20060810
[    0.594104] SCSI subsystem initialized
[    0.598261] usbcore: registered new device driver usb
[    0.598668] ehci_hcd: USB 2.0 'Enhanced' Host Controller (EHCI) Driver
[    0.598732] ehci_hcd 0000:00:1a.7: setting latency timer to 64
[    0.598735] ehci_hcd 0000:00:1a.7: EHCI Host Controller
[    0.598765] ehci_hcd 0000:00:1a.7: new USB bus registered, assigned bus number 1
[    0.598797] ehci_hcd 0000:00:1a.7: debug port 1
[    0.602675] ehci_hcd 0000:00:1a.7: cache line size of 32 is not supported
[    0.609073] input: Power Button as /devices/LNXSYSTM:00/LNXSYBUS:00/PNP0C0C:00/input/input0
[    0.609078] ACPI: Power Button [PWRB]
[    0.609120] input: Power Button as /devices/LNXSYSTM:00/LNXPWRBN:00/input/input1
[    0.609122] ACPI: Power Button [PWRF]
[    0.613750] uhci_hcd: USB Universal Host Controller Interface driver
[    0.614221] libata version 3.00 loaded.
[    0.615633] e1000e: Intel(R) PRO/1000 Network Driver - 1.5.1-k
[    0.615636] e1000e: Copyright(c) 1999 - 2011 Intel Corporation.
[    0.621545] ehci_hcd 0000:00:1a.7: irq 18, io mem 0xfe7f4000
[    0.636634] ehci_hcd 0000:00:1a.7: USB 2.0 started, EHCI 1.00
[    0.636665] usb usb1: New USB device found, idVendor=1d6b, idProduct=0002
[    0.636668] usb usb1: New USB device strings: Mfr=3, Product=2, SerialNumber=1
[    0.636669] usb usb1: Product: EHCI Host Controller
[    0.636671] usb usb1: Manufacturer: Linux 3.2.0-4-amd64 ehci_hcd
[    0.636672] usb usb1: SerialNumber: 0000:00:1a.7
[    0.637402] hub 1-0:1.0: USB hub found
[    0.637408] hub 1-0:1.0: 6 ports detected
[    0.637663] ehci_hcd 0000:00:1d.7: setting latency timer to 64
[    0.637666] ehci_hcd 0000:00:1d.7: EHCI Host Controller
[    0.637674] ehci_hcd 0000:00:1d.7: new USB bus registered, assigned bus number 2
[    0.637706] ehci_hcd 0000:00:1d.7: debug port 1
[    0.641589] ehci_hcd 0000:00:1d.7: cache line size of 32 is not supported
[    0.643506] ehci_hcd 0000:00:1d.7: irq 23, io mem 0xfe7ea000
[    0.656034] ehci_hcd 0000:00:1d.7: USB 2.0 started, EHCI 1.00
[    0.656079] usb usb2: New USB device found, idVendor=1d6b, idProduct=0002
[    0.656085] usb usb2: New USB device strings: Mfr=3, Product=2, SerialNumber=1
[    0.656089] usb usb2: Product: EHCI Host Controller
[    0.656093] usb usb2: Manufacturer: Linux 3.2.0-4-amd64 ehci_hcd
[    0.656097] usb usb2: SerialNumber: 0000:00:1d.7
[    0.656255] hub 2-0:1.0: USB hub found
[    0.656259] hub 2-0:1.0: 6 ports detected
[    0.656581] uhci_hcd 0000:00:1a.0: setting latency timer to 64
[    0.656585] uhci_hcd 0000:00:1a.0: UHCI Host Controller
[    0.656596] uhci_hcd 0000:00:1a.0: new USB bus registered, assigned bus number 3
[    0.656631] uhci_hcd 0000:00:1a.0: irq 16, io base 0x0000d880
[    0.656665] usb usb3: New USB device found, idVendor=1d6b, idProduct=0001
[    0.656667] usb usb3: New USB device strings: Mfr=3, Product=2, SerialNumber=1
[    0.656669] usb usb3: Product: UHCI Host Controller
[    0.656670] usb usb3: Manufacturer: Linux 3.2.0-4-amd64 uhci_hcd
[    0.656671] usb usb3: SerialNumber: 0000:00:1a.0
[    0.656757] hub 3-0:1.0: USB hub found
[    0.656761] hub 3-0:1.0: 2 ports detected
[    0.656822] uhci_hcd 0000:00:1a.1: setting latency timer to 64
[    0.656825] uhci_hcd 0000:00:1a.1: UHCI Host Controller
[    0.656830] uhci_hcd 0000:00:1a.1: new USB bus registered, assigned bus number 4
[    0.656861] uhci_hcd 0000:00:1a.1: irq 21, io base 0x0000d800
[    0.656891] usb usb4: New USB device found, idVendor=1d6b, idProduct=0001
[    0.656892] usb usb4: New USB device strings: Mfr=3, Product=2, SerialNumber=1
[    0.656894] usb usb4: Product: UHCI Host Controller
[    0.656895] usb usb4: Manufacturer: Linux 3.2.0-4-amd64 uhci_hcd
[    0.656897] usb usb4: SerialNumber: 0000:00:1a.1
[    0.657174] hub 4-0:1.0: USB hub found
[    0.657180] hub 4-0:1.0: 2 ports detected
[    0.657247] uhci_hcd 0000:00:1a.2: setting latency timer to 64
[    0.657250] uhci_hcd 0000:00:1a.2: UHCI Host Controller
[    0.657258] uhci_hcd 0000:00:1a.2: new USB bus registered, assigned bus number 5
[    0.657290] uhci_hcd 0000:00:1a.2: irq 19, io base 0x0000d480
[    0.657323] usb usb5: New USB device found, idVendor=1d6b, idProduct=0001
[    0.657325] usb usb5: New USB device strings: Mfr=3, Product=2, SerialNumber=1
[    0.657327] usb usb5: Product: UHCI Host Controller
[    0.657329] usb usb5: Manufacturer: Linux 3.2.0-4-amd64 uhci_hcd
[    0.657330] usb usb5: SerialNumber: 0000:00:1a.2
[    0.657472] hub 5-0:1.0: USB hub found
[    0.657476] hub 5-0:1.0: 2 ports detected
[    0.657538] uhci_hcd 0000:00:1d.0: setting latency timer to 64
[    0.657540] uhci_hcd 0000:00:1d.0: UHCI Host Controller
[    0.657546] uhci_hcd 0000:00:1d.0: new USB bus registered, assigned bus number 6
[    0.657569] uhci_hcd 0000:00:1d.0: irq 23, io base 0x0000d400
[    0.657599] usb usb6: New USB device found, idVendor=1d6b, idProduct=0001
[    0.657601] usb usb6: New USB device strings: Mfr=3, Product=2, SerialNumber=1
[    0.657603] usb usb6: Product: UHCI Host Controller
[    0.657604] usb usb6: Manufacturer: Linux 3.2.0-4-amd64 uhci_hcd
[    0.657606] usb usb6: SerialNumber: 0000:00:1d.0
[    0.658233] hub 6-0:1.0: USB hub found
[    0.658237] hub 6-0:1.0: 2 ports detected
[    0.658315] uhci_hcd 0000:00:1d.1: setting latency timer to 64
[    0.658318] uhci_hcd 0000:00:1d.1: UHCI Host Controller
[    0.658325] uhci_hcd 0000:00:1d.1: new USB bus registered, assigned bus number 7
[    0.658349] uhci_hcd 0000:00:1d.1: irq 19, io base 0x0000d080
[    0.658381] usb usb7: New USB device found, idVendor=1d6b, idProduct=0001
[    0.658383] usb usb7: New USB device strings: Mfr=3, Product=2, SerialNumber=1
[    0.658385] usb usb7: Product: UHCI Host Controller
[    0.658386] usb usb7: Manufacturer: Linux 3.2.0-4-amd64 uhci_hcd
[    0.658387] usb usb7: SerialNumber: 0000:00:1d.1
[    0.658997] hub 7-0:1.0: USB hub found
[    0.659002] hub 7-0:1.0: 2 ports detected
[    0.659077] uhci_hcd 0000:00:1d.2: setting latency timer to 64
[    0.659080] uhci_hcd 0000:00:1d.2: UHCI Host Controller
[    0.659086] uhci_hcd 0000:00:1d.2: new USB bus registered, assigned bus number 8
[    0.659113] uhci_hcd 0000:00:1d.2: irq 18, io base 0x0000d000
[    0.659144] usb usb8: New USB device found, idVendor=1d6b, idProduct=0001
[    0.659146] usb usb8: New USB device strings: Mfr=3, Product=2, SerialNumber=1
[    0.659148] usb usb8: Product: UHCI Host Controller
[    0.659149] usb usb8: Manufacturer: Linux 3.2.0-4-amd64 uhci_hcd
[    0.659151] usb usb8: SerialNumber: 0000:00:1d.2
[    0.659265] hub 8-0:1.0: USB hub found
[    0.659269] hub 8-0:1.0: 2 ports detected
[    0.659327] ahci 0000:00:1f.2: version 3.0
[    0.659390] ahci 0000:00:1f.2: irq 44 for MSI/MSI-X
[    0.659454] ahci: SSS flag set, parallel bus scan disabled
[    0.659488] ahci 0000:00:1f.2: AHCI 0001.0200 32 slots 6 ports 3 Gbps 0x3f impl SATA mode
[    0.659491] ahci 0000:00:1f.2: flags: 64bit ncq sntf stag pm led clo pio slum part ems sxs 
[    0.659495] ahci 0000:00:1f.2: setting latency timer to 64
[    0.696581] scsi0 : ahci
[    0.696671] scsi1 : ahci
[    0.696723] scsi2 : ahci
[    0.696773] scsi3 : ahci
[    0.696824] scsi4 : ahci
[    0.696878] scsi5 : ahci
[    0.697014] ata1: SATA max UDMA/133 abar m2048@0xfe7e8000 port 0xfe7e8100 irq 44
[    0.697017] ata2: SATA max UDMA/133 abar m2048@0xfe7e8000 port 0xfe7e8180 irq 44
[    0.697019] ata3: SATA max UDMA/133 abar m2048@0xfe7e8000 port 0xfe7e8200 irq 44
[    0.697021] ata4: SATA max UDMA/133 abar m2048@0xfe7e8000 port 0xfe7e8280 irq 44
[    0.697024] ata5: SATA max UDMA/133 abar m2048@0xfe7e8000 port 0xfe7e8300 irq 44
[    0.697026] ata6: SATA max UDMA/133 abar m2048@0xfe7e8000 port 0xfe7e8380 irq 44
[    0.697082] e1000e 0000:00:19.0: setting latency timer to 64
[    0.697181] e1000e 0000:00:19.0: irq 45 for MSI/MSI-X
[    0.888317] e1000e 0000:00:19.0: eth0: (PCI Express:2.5GT/s:Width x1) 44:37:e6:3f:58:e5
[    0.888320] e1000e 0000:00:19.0: eth0: Intel(R) PRO/1000 Network Connection
[    0.888352] e1000e 0000:00:19.0: eth0: MAC: 8, PHY: 8, PBA No: FFFFFF-0FF
[    0.888410] ata_generic 0000:00:03.2: setting latency timer to 64
[    0.888731] scsi6 : ata_generic
[    0.888796] scsi7 : ata_generic
[    0.888836] ata7: PATA max UDMA/100 cmd 0xe880 ctl 0xe800 bmdma 0xe080 irq 18
[    0.888838] ata8: PATA max UDMA/100 cmd 0xe480 ctl 0xe400 bmdma 0xe088 irq 18
[    0.889184] i915 0000:00:02.0: setting latency timer to 64
[    0.912793] mtrr: type mismatch for d0000000,10000000 old: write-back new: write-combining
[    0.912794] [drm] MTRR allocation failed.  Graphics performance may suffer.
[    0.912971] i915 0000:00:02.0: irq 46 for MSI/MSI-X
[    0.912976] [drm] Supports vblank timestamp caching Rev 1 (10.10.2010).
[    0.912977] [drm] Driver supports precise vblank timestamp query.
[    0.913012] vgaarb: device changed decodes: PCI:0000:00:02.0,olddecodes=io+mem,decodes=io+mem:owns=io+mem
[    0.987636] fbcon: inteldrmfb (fb0) is primary device
[    1.016035] ata1: SATA link up 3.0 Gbps (SStatus 123 SControl 300)
[    1.017139] ata1.00: ATA-8: WDC WD5000AAKS-08WWPA0, 15.01H15, max UDMA/100
[    1.017145] ata1.00: 976773168 sectors, multi 0: LBA48 NCQ (depth 31/32), AA
[    1.019206] ata1.00: configured for UDMA/100
[    1.019311] scsi 0:0:0:0: Direct-Access     ATA      WDC WD5000AAKS-0 15.0 PQ: 0 ANSI: 5
[    1.031750] Console: switching to colour frame buffer device 170x48
[    1.034974] fb0: inteldrmfb frame buffer device
[    1.034975] drm: registered panic notifier
[    1.035008] [drm] Initialized i915 1.6.0 20080730 for 0000:00:02.0 on minor 0
[    1.152024] usb 6-2: new low-speed USB device number 2 using uhci_hcd
[    1.336030] ata2: SATA link down (SStatus 0 SControl 300)
[    1.420023] Refined TSC clocksource calibration: 3191.980 MHz.
[    1.420030] Switching to clocksource tsc
[    1.443612] usb 6-2: New USB device found, idVendor=17ef, idProduct=6018
[    1.443617] usb 6-2: New USB device strings: Mfr=1, Product=2, SerialNumber=0
[    1.443622] usb 6-2: Product: Lenovo Low Profile USB Keyboard
[    1.443625] usb 6-2: Manufacturer: Lenovo
[    1.517893] input: Lenovo Lenovo Low Profile USB Keyboard as /devices/pci0000:00/0000:00:1d.0/usb6/6-2/6-2:1.0/input/input2
[    1.517947] generic-usb 0003:17EF:6018.0001: input,hidraw0: USB HID v1.11 Keyboard [Lenovo Lenovo Low Profile USB Keyboard] on usb-0000:00:1d.0-2/input0
[    1.628708] input: Lenovo Lenovo Low Profile USB Keyboard as /devices/pci0000:00/0000:00:1d.0/usb6/6-2/6-2:1.1/input/input3
[    1.628784] generic-usb 0003:17EF:6018.0002: input,hidraw1: USB HID v1.11 Device [Lenovo Lenovo Low Profile USB Keyboard] on usb-0000:00:1d.0-2/input1
[    1.628807] usbcore: registered new interface driver usbhid
[    1.628808] usbhid: USB HID core driver
[    1.656028] ata3: SATA link down (SStatus 0 SControl 300)
[    1.976025] ata4: SATA link down (SStatus 0 SControl 300)
[    2.296024] ata5: SATA link down (SStatus 4 SControl 300)
[    2.616023] ata6: SATA link down (SStatus 0 SControl 300)
[    2.790087] sd 0:0:0:0: [sda] 976773168 512-byte logical blocks: (500 GB/465 GiB)
[    2.790125] sd 0:0:0:0: [sda] Write Protect is off
[    2.790127] sd 0:0:0:0: [sda] Mode Sense: 00 3a 00 00
[    2.790143] sd 0:0:0:0: [sda] Write cache: enabled, read cache: enabled, doesn't support DPO or FUA
[    2.817194]  sda: sda1 sda2 < sda5 sda6 >
[    2.817555] sd 0:0:0:0: [sda] Attached SCSI disk
[    2.818945] sd 0:0:0:0: Attached scsi generic sg0 type 0
[    3.395249] PM: Starting manual resume from disk
[    3.395252] PM: Hibernation image partition 8:5 present
[    3.395253] PM: Looking for hibernation image.
[    3.395419] PM: Image not found (code -22)
[    3.395422] PM: Hibernation image not present or could not be loaded.
[    3.412127] kjournald starting.  Commit interval 5 seconds
[    3.412155] EXT3-fs (sda1): mounted filesystem with ordered data mode
[    5.139391] udevd[353]: starting version 175
[    5.510977] ACPI: Requesting acpi_cpufreq
[    5.553455] input: PC Speaker as /devices/platform/pcspkr/input/input4
[    5.673062] parport_pc 00:07: reported by Plug and Play ACPI
[    5.673115] parport0: PC-style at 0x378 (0x778), irq 7 [PCSPP,TRISTATE]
[    5.711425] iTCO_vendor_support: vendor-support=0
[    5.770114] iTCO_wdt: Intel TCO WatchDog Timer Driver v1.07
[    5.770203] iTCO_wdt: Found a ICH10D TCO device (Version=2, TCOBASE=0x0860)
[    5.770431] iTCO_wdt: initialized. heartbeat=30 sec (nowayout=0)
[    5.876967] snd_hda_intel 0000:00:1b.0: irq 47 for MSI/MSI-X
[    5.876990] snd_hda_intel 0000:00:1b.0: setting latency timer to 64
[    5.969899] input: HDA Intel Headphone as /devices/pci0000:00/0000:00:1b.0/sound/card0/input5
[    7.387929] Adding 7545852k swap on /dev/sda5.  Priority:-1 extents:1 across:7545852k 
[    7.976122] EXT3-fs (sda1): using internal journal
[    8.157385] loop: module loaded
[    9.078793] kjournald starting.  Commit interval 5 seconds
[    9.079336] EXT3-fs (sda6): using internal journal
[    9.079343] EXT3-fs (sda6): mounted filesystem with ordered data mode
[    9.940374] e1000e 0000:00:19.0: irq 45 for MSI/MSI-X
[    9.996091] e1000e 0000:00:19.0: irq 45 for MSI/MSI-X
[    9.998254] ADDRCONF(NETDEV_UP): eth0: link is not ready
[   10.458498] RPC: Registered named UNIX socket transport module.
[   10.458502] RPC: Registered udp transport module.
[   10.458504] RPC: Registered tcp transport module.
[   10.458507] RPC: Registered tcp NFSv4.1 backchannel transport module.
[   10.600319] FS-Cache: Loaded
[   10.663437] FS-Cache: Netfs 'nfs' registered for caching
[   10.668142] Installing knfsd (copyright (C) 1996 okir@monad.swb.de).
[   11.068076] fuse init (API version 7.17)
[   11.584881] e1000e: eth0 NIC Link is Up 100 Mbps Full Duplex, Flow Control: None
[   11.584887] e1000e 0000:00:19.0: eth0: 10/100 speed: disabling TSO
[   11.586443] ADDRCONF(NETDEV_CHANGE): eth0: link becomes ready
[   16.294477] Bluetooth: Core ver 2.16
[   16.294496] NET: Registered protocol family 31
[   16.294498] Bluetooth: HCI device and connection manager initialized
[   16.294500] Bluetooth: HCI socket layer initialized
[   16.294502] Bluetooth: L2CAP socket layer initialized
[   16.294507] Bluetooth: SCO socket layer initialized
[   16.376424] Bluetooth: BNEP (Ethernet Emulation) ver 1.3
[   16.376426] Bluetooth: BNEP filters: protocol multicast
[   16.376996] Bluetooth: RFCOMM TTY layer initialized
[   16.377000] Bluetooth: RFCOMM socket layer initialized
[   16.377001] Bluetooth: RFCOMM ver 1.11
[   21.283410] vboxdrv: Found 2 processor cores.
[   21.283558] vboxdrv: fAsync=0 offMin=0x1c0 offMax=0x9d0
[   21.283606] vboxdrv: TSC mode is 'synchronous', kernel timer mode is 'normal'.
[   21.283607] vboxdrv: Successfully loaded version 4.0.18 (interface 0x00180000).
[   22.000014] eth0: no IPv6 routers present
[   28.948121] postgres (2873): /proc/2873/oom_adj is deprecated, please use /proc/2873/oom_score_adj instead.
[  105.800057] usb 6-2: USB disconnect, device number 2
[  106.536032] usb 6-2: new low-speed USB device number 3 using uhci_hcd
[  106.827266] usb 6-2: New USB device found, idVendor=17ef, idProduct=6018
[  106.827272] usb 6-2: New USB device strings: Mfr=1, Product=2, SerialNumber=0
[  106.827276] usb 6-2: Product: Lenovo Low Profile USB Keyboard
[  106.827280] usb 6-2: Manufacturer: Lenovo
[  106.884688] input: Lenovo Lenovo Low Profile USB Keyboard as /devices/pci0000:00/0000:00:1d.0/usb6/6-2/6-2:1.0/input/input6
[  106.884889] generic-usb 0003:17EF:6018.0003: input,hidraw0: USB HID v1.11 Keyboard [Lenovo Lenovo Low Profile USB Keyboard] on usb-0000:00:1d.0-2/input0
[  106.997365] input: Lenovo Lenovo Low Profile USB Keyboard as /devices/pci0000:00/0000:00:1d.0/usb6/6-2/6-2:1.1/input/input7
[  106.997618] generic-usb 0003:17EF:6018.0004: input,hidraw1: USB HID v1.11 Device [Lenovo Lenovo Low Profile USB Keyboard] on usb-0000:00:1d.0-2/input1
[  109.016031] usb 6-1: new low-speed USB device number 4 using uhci_hcd
[  109.188267] usb 6-1: New USB device found, idVendor=17ef, idProduct=6019
[  109.188274] usb 6-1: New USB device strings: Mfr=1, Product=2, SerialNumber=0
[  109.188278] usb 6-1: Product: Lenovo USB Optical Mouse
[  109.188282] usb 6-1: Manufacturer: Logitech
[  109.204609] input: Logitech Lenovo USB Optical Mouse as /devices/pci0000:00/0000:00:1d.0/usb6/6-1/6-1:1.0/input/input8
[  109.204865] generic-usb 0003:17EF:6019.0005: input,hidraw2: USB HID v1.11 Mouse [Logitech Lenovo USB Optical Mouse] on usb-0000:00:1d.0-1/input0
